PS C:\Users\shuji\OneDrive\デスクトップ\DElesson> mkdir git_challenge


    ディレクトリ: C:\Users\shuji\OneDrive\デスクトップ\DElesson  


Mode                 LastWriteTime         Length Name
----                 -------------         ------ ----
d-----        2025/06/16     15:39                git_challenge  


PS C:\Users\shuji\OneDrive\デスクトップ\DElesson> cd C:\Users\shuji\OneDrive\デスクトップ\DElesson\git_challenge
PS C:\Users\shuji\OneDrive\デスクトップ\DElesson\git_challenge> git init
Reinitialized existing Git repository in C:/Users/shuji/OneDrive/デスクトッ プ/DElesson/git_challenge/.git/
PS C:\Users\shuji\OneDrive\デスクトップ\DElesson\git_challenge> git add .
PS C:\Users\shuji\OneDrive\デスクトップ\DElesson\git_challenge> git commit -m "hello_world.txtにHello, world!を追加"
[main ccbf758] hello_world.txtにHello, world!を追加
 1 file changed, 1 deletion(-)
PS C:\Users\shuji\OneDrive\デスクトップ\DElesson\git_challenge> git add .
PS C:\Users\shuji\OneDrive\デスクトップ\DElesson\git_challenge> git commit -m "hello_world.txtに日本語訳を追加"
[main 5047242] hello_world.txtに日本語訳を追加
 1 file changed, 1 insertion(+)
PS C:\Users\shuji\OneDrive\デスクトップ\DElesson\git_challenge> git log --oneline
5047242 (HEAD -> main) hello_world.txtに日本語訳を追加
ccbf758 hello_world.txtにHello, world!を追加
